DELETE	/v1/admin/advisories/{id}
DELETE	/v1/admin/categories/{id}
DELETE	/v1/admin/cultural/crafts/{id}
DELETE	/v1/admin/cultural/etiquette/{id}
DELETE	/v1/admin/cultural/festivals/{id}
DELETE	/v1/admin/cultural/food/{id}
DELETE	/v1/admin/destinations/{id}
DELETE	/v1/admin/destinations/{id}/permanent
DELETE	/v1/admin/images/{id}
DELETE	/v1/admin/permits/{id}
DELETE	/v1/admin/photo-spots/{id}
DELETE	/v1/admin/providers/{id}
DELETE	/v1/admin/regions/{id}
DELETE	/v1/admin/reviews/{id}
DELETE	/v1/admin/roads/status/{id}
DELETE	/v1/admin/treks/{id}
DELETE	/v1/groups/{code}/leave
DELETE	/v1/itineraries/{id}
DELETE	/v1/reviews/{id}
DELETE	/v1/saved/{destinationId}
DELETE	/v1/users/{id}/follow
GET	/healthz
GET	/readyz
GET	/swagger/*
GET	/v1/admin/categories/{id}
GET	/v1/admin/destinations
GET	/v1/admin/destinations/{id}
GET	/v1/admin/permits/{id}
GET	/v1/admin/photo-spots
GET	/v1/admin/photo-spots/{id}
GET	/v1/admin/regions/{id}
GET	/v1/admin/reports
GET	/v1/admin/reviews
GET	/v1/admin/roads/status
GET	/v1/admin/roads/status/{id}
GET	/v1/admin/tracks
GET	/v1/admin/treks
GET	/v1/admin/treks/{id}
GET	/v1/advisories/
GET	/v1/advisories/destination/{id}
GET	/v1/bookings/
GET	/v1/bookings/{id}
GET	/v1/bookings/{id}/wallet
GET	/v1/categories
GET	/v1/categories/{id}
GET	/v1/cultural/crafts
GET	/v1/cultural/crafts/{id}
GET	/v1/cultural/etiquette
GET	/v1/cultural/etiquette/{id}
GET	/v1/cultural/festivals
GET	/v1/cultural/festivals/{id}
GET	/v1/cultural/food
GET	/v1/cultural/food/{id}
GET	/v1/destinations/
GET	/v1/destinations/featured
GET	/v1/destinations/map
GET	/v1/destinations/nearby
GET	/v1/destinations/trending
GET	/v1/destinations/{slug}
GET	/v1/destinations/{slug}/photo-spots
GET	/v1/destinations/{slug}/reviews
GET	/v1/groups/{code}
GET	/v1/images/destination/{id}
GET	/v1/images/trek/{id}
GET	/v1/itineraries/
GET	/v1/me
GET	/v1/me/completions
GET	/v1/me/feed
GET	/v1/me/reviews
GET	/v1/me/subscription
GET	/v1/me/tracks
GET	/v1/permits/
GET	/v1/permits/check
GET	/v1/permits/{id}
GET	/v1/providers/
GET	/v1/providers/{id}
GET	/v1/regions
GET	/v1/regions/{id}
GET	/v1/roads/status
GET	/v1/roads/status/{id}
GET	/v1/saved/
GET	/v1/search
GET	/v1/tracks/share/{token}
GET	/v1/treks/
GET	/v1/treks/{slug}
GET	/v1/treks/{slug}/density
GET	/v1/treks/{slug}/path
GET	/v1/treks/{slug}/reports
GET	/v1/treks/{slug}/reviews
GET	/v1/users/{id}
GET	/v1/users/{id}/followers
GET	/v1/users/{id}/following
GET	/v1/weather/destination/{slug}
GET	/ws/advisories
GET	/ws/crowd/{slug}
GET	/ws/group/{code}
PATCH	/v1/me
POST	/v1/admin/advisories
POST	/v1/admin/categories
POST	/v1/admin/cultural/crafts
POST	/v1/admin/cultural/etiquette
POST	/v1/admin/cultural/festivals
POST	/v1/admin/cultural/food
POST	/v1/admin/destinations
POST	/v1/admin/destinations/{id}/restore
POST	/v1/admin/images
POST	/v1/admin/permits
POST	/v1/admin/photo-spots
POST	/v1/admin/providers
POST	/v1/admin/providers/{id}/verify
POST	/v1/admin/regions
POST	/v1/admin/reindex
POST	/v1/admin/reports/{id}/resolve
POST	/v1/admin/roads/status
POST	/v1/admin/treks
POST	/v1/ai/ask
POST	/v1/ai/identify-place
POST	/v1/ai/plan-trip
POST	/v1/auth/apple
POST	/v1/auth/google
POST	/v1/auth/phone/start
POST	/v1/auth/phone/verify
POST	/v1/auth/refresh
POST	/v1/bookings/
POST	/v1/bookings/{id}/cancel
POST	/v1/destinations/{slug}/reviews
POST	/v1/groups
POST	/v1/groups/join
POST	/v1/itineraries/
POST	/v1/me/cancel-sub
POST	/v1/me/subscribe
POST	/v1/saved/{destinationId}
POST	/v1/sync
POST	/v1/tracks
POST	/v1/treks/{slug}/bag
POST	/v1/treks/{slug}/ping
POST	/v1/treks/{slug}/report
POST	/v1/treks/{slug}/reviews
POST	/v1/upload/presign
POST	/v1/users/{id}/follow
POST	/v1/webhooks/razorpay
PUT	/v1/admin/advisories/{id}
PUT	/v1/admin/categories/{id}
PUT	/v1/admin/cultural/crafts/{id}
PUT	/v1/admin/cultural/etiquette/{id}
PUT	/v1/admin/cultural/festivals/{id}
PUT	/v1/admin/cultural/food/{id}
PUT	/v1/admin/destinations/{id}
PUT	/v1/admin/images/{id}
PUT	/v1/admin/permits/{id}
PUT	/v1/admin/photo-spots/{id}
PUT	/v1/admin/providers/{id}
PUT	/v1/admin/regions/{id}
PUT	/v1/admin/roads/status/{id}
PUT	/v1/admin/roads/{id}/status
PUT	/v1/admin/treks/{id}
PUT	/v1/itineraries/{id}
